[2026-06-24 14:08:56] Experiment Run Started: effnet_b0_qyro_severity_v1_20260624_140855
[2026-06-24 14:08:56] Git Hash: ab60fb0e5dd8d6292762c63dd9b4d7a80a7ad9aa | Dataset Hash: b98ee7d934ee9bd80beffea8c448e92165e3f48763ab4ac22ce6169b2f8c6559
[2026-06-24 14:08:56] Training GPU: NVIDIA GeForce RTX 5050 Laptop GPU | VRAM: 7.96 GB
[2026-06-24 14:08:56] Config Snapshot saved to experiments\severity\runs\effnet_b0_qyro_severity_v1_20260624_140855\config_snapshot.yaml
[2026-06-24 14:08:56] Routing training execution to device: cuda:0
[2026-06-24 14:08:56] Loaded severity manifest with 752 entries.
[2026-06-24 14:08:56] Attempting dataloader allocation with batch size: 32
[2026-06-24 14:08:56] Initializing timm model backbone: efficientnet_b0
[2026-06-24 14:08:58] Phase 1: Training classification head only...
[2026-06-24 14:09:14] Epoch 0 Metrics: train_loss: 1.3958, val_loss: 1.0206, val_accuracy: 0.3158, val_macro_f1: 0.2154, val_mae: 0.8947, val_qwk: 0.1149
[2026-06-24 14:09:22] Epoch 1 Metrics: train_loss: 1.0966, val_loss: 0.9008, val_accuracy: 0.3772, val_macro_f1: 0.2570, val_mae: 0.7544, val_qwk: 0.1828
[2026-06-24 14:09:29] Epoch 2 Metrics: train_loss: 0.9531, val_loss: 0.8346, val_accuracy: 0.4035, val_macro_f1: 0.2640, val_mae: 0.7281, val_qwk: 0.1996
[2026-06-24 14:09:37] Epoch 3 Metrics: train_loss: 0.8550, val_loss: 0.8249, val_accuracy: 0.4123, val_macro_f1: 0.2896, val_mae: 0.7193, val_qwk: 0.1702
[2026-06-24 14:09:44] Epoch 4 Metrics: train_loss: 0.8372, val_loss: 0.8041, val_accuracy: 0.4298, val_macro_f1: 0.3036, val_mae: 0.6930, val_qwk: 0.1938
[2026-06-24 14:09:52] Epoch 5 Metrics: train_loss: 0.7894, val_loss: 0.7739, val_accuracy: 0.4211, val_macro_f1: 0.3006, val_mae: 0.6842, val_qwk: 0.2227
[2026-06-24 14:09:59] Epoch 6 Metrics: train_loss: 0.7617, val_loss: 0.7576, val_accuracy: 0.4123, val_macro_f1: 0.2931, val_mae: 0.7018, val_qwk: 0.1964
[2026-06-24 14:10:07] Epoch 7 Metrics: train_loss: 0.7893, val_loss: 0.7389, val_accuracy: 0.4386, val_macro_f1: 0.2985, val_mae: 0.6842, val_qwk: 0.2188
[2026-06-24 14:10:14] Epoch 8 Metrics: train_loss: 0.7392, val_loss: 0.7215, val_accuracy: 0.4123, val_macro_f1: 0.2904, val_mae: 0.7018, val_qwk: 0.2171
[2026-06-24 14:10:22] Epoch 9 Metrics: train_loss: 0.7252, val_loss: 0.7171, val_accuracy: 0.4298, val_macro_f1: 0.3061, val_mae: 0.6842, val_qwk: 0.2536
[2026-06-24 14:10:22] Phase 2: Unfreezing backbone for full fine-tuning...
[2026-06-24 14:10:37] Epoch 10 Metrics: train_loss: 0.6447, val_loss: 0.5585, val_accuracy: 0.4561, val_macro_f1: 0.3695, val_mae: 0.5877, val_qwk: 0.4690
[2026-06-24 14:10:45] Epoch 11 Metrics: train_loss: 0.3415, val_loss: 0.4778, val_accuracy: 0.5439, val_macro_f1: 0.4385, val_mae: 0.4825, val_qwk: 0.6056
[2026-06-24 14:10:54] Epoch 12 Metrics: train_loss: 0.1936, val_loss: 0.4274, val_accuracy: 0.5877, val_macro_f1: 0.4951, val_mae: 0.4298, val_qwk: 0.6423
[2026-06-24 14:11:02] Epoch 13 Metrics: train_loss: 0.0918, val_loss: 0.3915, val_accuracy: 0.6053, val_macro_f1: 0.5461, val_mae: 0.4123, val_qwk: 0.6613
[2026-06-24 14:11:11] Epoch 14 Metrics: train_loss: 0.0690, val_loss: 0.3872, val_accuracy: 0.6404, val_macro_f1: 0.6169, val_mae: 0.3772, val_qwk: 0.6920
[2026-06-24 14:11:20] Epoch 15 Metrics: train_loss: 0.0436, val_loss: 0.3796, val_accuracy: 0.6053, val_macro_f1: 0.5734, val_mae: 0.4035, val_qwk: 0.6927
[2026-06-24 14:11:29] Epoch 16 Metrics: train_loss: 0.0270, val_loss: 0.3737, val_accuracy: 0.6053, val_macro_f1: 0.5707, val_mae: 0.4035, val_qwk: 0.6935
[2026-06-24 14:11:37] Epoch 17 Metrics: train_loss: 0.0195, val_loss: 0.3857, val_accuracy: 0.6316, val_macro_f1: 0.5828, val_mae: 0.3772, val_qwk: 0.7059
[2026-06-24 14:11:46] Epoch 18 Metrics: train_loss: 0.0158, val_loss: 0.3733, val_accuracy: 0.6228, val_macro_f1: 0.6049, val_mae: 0.3860, val_qwk: 0.7151
[2026-06-24 14:11:55] Epoch 19 Metrics: train_loss: 0.0155, val_loss: 0.3879, val_accuracy: 0.6228, val_macro_f1: 0.5927, val_mae: 0.3860, val_qwk: 0.7055
[2026-06-24 14:12:03] Epoch 20 Metrics: train_loss: 0.0143, val_loss: 0.3930, val_accuracy: 0.6228, val_macro_f1: 0.5780, val_mae: 0.3860, val_qwk: 0.7039
[2026-06-24 14:12:12] Epoch 21 Metrics: train_loss: 0.0080, val_loss: 0.3809, val_accuracy: 0.6491, val_macro_f1: 0.6013, val_mae: 0.3596, val_qwk: 0.7276
[2026-06-24 14:12:22] Epoch 22 Metrics: train_loss: 0.0054, val_loss: 0.3747, val_accuracy: 0.6667, val_macro_f1: 0.6054, val_mae: 0.3421, val_qwk: 0.7227
[2026-06-24 14:12:31] Epoch 23 Metrics: train_loss: 0.0069, val_loss: 0.3644, val_accuracy: 0.6491, val_macro_f1: 0.5931, val_mae: 0.3596, val_qwk: 0.7160
[2026-06-24 14:12:40] Epoch 24 Metrics: train_loss: 0.0049, val_loss: 0.3675, val_accuracy: 0.6579, val_macro_f1: 0.6373, val_mae: 0.3509, val_qwk: 0.7345
[2026-06-24 14:12:48] Epoch 25 Metrics: train_loss: 0.0044, val_loss: 0.3801, val_accuracy: 0.6228, val_macro_f1: 0.5812, val_mae: 0.3860, val_qwk: 0.7033
[2026-06-24 14:12:58] Epoch 26 Metrics: train_loss: 0.0039, val_loss: 0.3952, val_accuracy: 0.6316, val_macro_f1: 0.6141, val_mae: 0.3772, val_qwk: 0.7128
[2026-06-24 14:13:06] Epoch 27 Metrics: train_loss: 0.0023, val_loss: 0.4088, val_accuracy: 0.6140, val_macro_f1: 0.5502, val_mae: 0.3947, val_qwk: 0.6879
[2026-06-24 14:13:15] Epoch 28 Metrics: train_loss: 0.0036, val_loss: 0.3984, val_accuracy: 0.6579, val_macro_f1: 0.6341, val_mae: 0.3509, val_qwk: 0.7352
[2026-06-24 14:13:23] Epoch 29 Metrics: train_loss: 0.0022, val_loss: 0.3884, val_accuracy: 0.6491, val_macro_f1: 0.6366, val_mae: 0.3596, val_qwk: 0.7283
[2026-06-24 14:13:32] Epoch 30 Metrics: train_loss: 0.0021, val_loss: 0.3925, val_accuracy: 0.6404, val_macro_f1: 0.6026, val_mae: 0.3684, val_qwk: 0.7162
[2026-06-24 14:13:41] Epoch 31 Metrics: train_loss: 0.0015, val_loss: 0.3838, val_accuracy: 0.6228, val_macro_f1: 0.5731, val_mae: 0.3860, val_qwk: 0.7116
[2026-06-24 14:13:41] Early stopping triggered.
[2026-06-24 14:13:41] Severity Grading ordinal training pipeline runs successfully completed!
[2026-06-24 14:13:41] Experiment completed. Final Metrics saved to experiments\severity\runs\effnet_b0_qyro_severity_v1_20260624_140855\metrics.json
